Component: ARM Compiler 5.05 update 2 (build 169) Tool: armlink [4d0f33]

==============================================================================

Section Cross References

    startup_stm32f072xb.o(RESET) refers to startup_stm32f072xb.o(STACK) for __initial_sp
    startup_stm32f072xb.o(RESET) refers to startup_stm32f072xb.o(.text) for Reset_Handler
    startup_stm32f072xb.o(RESET) refers to main.o(i.NMI_Handler) for NMI_Handler
    startup_stm32f072xb.o(RESET) refers to main.o(i.HardFault_Handler) for HardFault_Handler
    startup_stm32f072xb.o(RESET) refers to main.o(i.SVC_Handler) for SVC_Handler
    startup_stm32f072xb.o(RESET) refers to main.o(i.PendSV_Handler) for PendSV_Handler
    startup_stm32f072xb.o(RESET) refers to main.o(i.SysTick_Handler) for SysTick_Handler
    startup_stm32f072xb.o(RESET) refers to main.o(i.RTC_IRQHandler) for RTC_IRQHandler
    startup_stm32f072xb.o(RESET) refers to main.o(i.EXTI0_1_IRQHandler) for EXTI0_1_IRQHandler
    startup_stm32f072xb.o(RESET) refers to main.o(i.USART1_IRQHandler) for USART1_IRQHandler
    startup_stm32f072xb.o(.text) refers to system_stm32f0xx.o(i.SystemInit) for SystemInit
    startup_stm32f072xb.o(.text) refers to entry.o(.ARM.Collect$$$$00000000) for __main
    system_stm32f0xx.o(i.SystemCoreClockUpdate) refers to uidiv.o(.text) for __aeabi_uidivmod
    system_stm32f0xx.o(i.SystemCoreClockUpdate) refers to system_stm32f0xx.o(.data) for .data
    system_stm32f0xx.o(i.SystemInit) refers to system_stm32f0xx.o(i.SetSysClock) for SetSysClock
    main.o(i.EXTI0_1_IRQHandler) refers to main.o(.data) for .data
    main.o(i.Process) refers to main.o(i.__ARM_common_switch8) for __ARM_common_switch8
    main.o(i.Process) refers to strcpy.o(.text) for strcpy
    main.o(i.Process) refers to main.o(i.Init_RTC) for Init_RTC
    main.o(i.Process) refers to main.o(.data) for .data
    main.o(i.RTC_IRQHandler) refers to main.o(.data) for .data
    main.o(i.USART1_IRQHandler) refers to main.o(.data) for .data
    main.o(i.main) refers to main.o(i.NVIC_SetPriority) for NVIC_SetPriority
    main.o(i.main) refers to main.o(i.Configure_RTC) for Configure_RTC
    main.o(i.main) refers to main.o(i.Init_RTC) for Init_RTC
    main.o(i.main) refers to main.o(i.Process) for Process
    entry.o(.ARM.Collect$$$$00000000) refers (Special) to entry10a.o(.ARM.Collect$$$$0000000D) for __rt_final_cpp
    entry.o(.ARM.Collect$$$$00000000) refers (Special) to entry11a.o(.ARM.Collect$$$$0000000F) for __rt_final_exit
    entry.o(.ARM.Collect$$$$00000000) refers (Special) to entry7b.o(.ARM.Collect$$$$00000008) for _main_clock
    entry.o(.ARM.Collect$$$$00000000) refers (Special) to entry8b.o(.ARM.Collect$$$$0000000A) for _main_cpp_init
    entry.o(.ARM.Collect$$$$00000000) refers (Special) to entry9a.o(.ARM.Collect$$$$0000000B) for _main_init
    entry.o(.ARM.Collect$$$$00000000) refers (Special) to entry5.o(.ARM.Collect$$$$00000004) for _main_scatterload
    entry.o(.ARM.Collect$$$$00000000) refers (Special) to entry2.o(.ARM.Collect$$$$00000001) for _main_stk
    entry2.o(.ARM.Collect$$$$00000001) refers to entry2.o(.ARM.Collect$$$$00002712) for __lit__00000000
    entry2.o(.ARM.Collect$$$$00002712) refers to startup_stm32f072xb.o(STACK) for __initial_sp
    entry2.o(__vectab_stack_and_reset_area) refers to startup_stm32f072xb.o(STACK) for __initial_sp
    entry2.o(__vectab_stack_and_reset_area) refers to entry.o(.ARM.Collect$$$$00000000) for __main
    entry5.o(.ARM.Collect$$$$00000004) refers to init.o(.text) for __scatterload
    entry9a.o(.ARM.Collect$$$$0000000B) refers to main.o(i.main) for main
    entry9b.o(.ARM.Collect$$$$0000000C) refers to main.o(i.main) for main
    init.o(.text) refers to entry5.o(.ARM.Collect$$$$00000004) for __main_after_scatterload
    main.o(i.Configure_RTC) refers to main.o(i.NVIC_SetPriority) for NVIC_SetPriority


==============================================================================

Removing Unused input sections from the image.

    Removing startup_stm32f072xb.o(HEAP), (512 bytes).
    Removing system_stm32f0xx.o(.rev16_text), (4 bytes).
    Removing system_stm32f0xx.o(.revsh_text), (4 bytes).
    Removing system_stm32f0xx.o(i.SystemCoreClockUpdate), (108 bytes).
    Removing system_stm32f0xx.o(.data), (20 bytes).
    Removing main.o(.rev16_text), (4 bytes).
    Removing main.o(.revsh_text), (4 bytes).

7 unused section(s) (total 656 bytes) removed from the image.

==============================================================================

Image Symbol Table

    Local Symbols

    Symbol Name                              Value     Ov Type        Size  Object(Section)

    ../clib/microlib/division.c              0x00000000   Number         0  uidiv.o ABSOLUTE
    ../clib/microlib/init/entry.s            0x00000000   Number         0  entry8a.o ABSOLUTE
    ../clib/microlib/init/entry.s            0x00000000   Number         0  entry11a.o ABSOLUTE
    ../clib/microlib/init/entry.s            0x00000000   Number         0  entry8b.o ABSOLUTE
    ../clib/microlib/init/entry.s            0x00000000   Number         0  entry10b.o ABSOLUTE
    ../clib/microlib/init/entry.s            0x00000000   Number         0  entry11b.o ABSOLUTE
    ../clib/microlib/init/entry.s            0x00000000   Number         0  entry.o ABSOLUTE
    ../clib/microlib/init/entry.s            0x00000000   Number         0  entry10a.o ABSOLUTE
    ../clib/microlib/init/entry.s            0x00000000   Number         0  entry2.o ABSOLUTE
    ../clib/microlib/init/entry.s            0x00000000   Number         0  entry5.o ABSOLUTE
    ../clib/microlib/init/entry.s            0x00000000   Number         0  entry9b.o ABSOLUTE
    ../clib/microlib/init/entry.s            0x00000000   Number         0  entry7a.o ABSOLUTE
    ../clib/microlib/init/entry.s            0x00000000   Number         0  entry9a.o ABSOLUTE
    ../clib/microlib/init/entry.s            0x00000000   Number         0  entry7b.o ABSOLUTE
    ../clib/microlib/string/strcpy.c         0x00000000   Number         0  strcpy.o ABSOLUTE
    ..\..\..\..\Libraries\CMSIS\Device\ST\STM32F0xx\Source\Templates\arm\startup_stm32f072xb.s 0x00000000   Number         0  startup_stm32f072xb.o ABSOLUTE
    ..\\main.c                               0x00000000   Number         0  main.o ABSOLUTE
    ..\\system_stm32f0xx.c                   0x00000000   Number         0  system_stm32f0xx.o ABSOLUTE
    ..\main.c                                0x00000000   Number         0  main.o ABSOLUTE
    ..\system_stm32f0xx.c                    0x00000000   Number         0  system_stm32f0xx.o ABSOLUTE
    dc.s                                     0x00000000   Number         0  dc.o ABSOLUTE
    handlers.s                               0x00000000   Number         0  handlers.o ABSOLUTE
    init.s                                   0x00000000   Number         0  init.o ABSOLUTE
    RESET                                    0x08000000   Section      192  startup_stm32f072xb.o(RESET)
    .ARM.Collect$$$$00000000                 0x080000c0   Section        0  entry.o(.ARM.Collect$$$$00000000)
    .ARM.Collect$$$$00000001                 0x080000c0   Section        4  entry2.o(.ARM.Collect$$$$00000001)
    .ARM.Collect$$$$00000004                 0x080000c4   Section        4  entry5.o(.ARM.Collect$$$$00000004)
    .ARM.Collect$$$$00000008                 0x080000c8   Section        0  entry7b.o(.ARM.Collect$$$$00000008)
    .ARM.Collect$$$$0000000A                 0x080000c8   Section        0  entry8b.o(.ARM.Collect$$$$0000000A)
    .ARM.Collect$$$$0000000B                 0x080000c8   Section        8  entry9a.o(.ARM.Collect$$$$0000000B)
    .ARM.Collect$$$$0000000D                 0x080000d0   Section        0  entry10a.o(.ARM.Collect$$$$0000000D)
    .ARM.Collect$$$$0000000F                 0x080000d0   Section        0  entry11a.o(.ARM.Collect$$$$0000000F)
    .ARM.Collect$$$$00002712                 0x080000d0   Section        4  entry2.o(.ARM.Collect$$$$00002712)
    __lit__00000000                          0x080000d0   Data           4  entry2.o(.ARM.Collect$$$$00002712)
    .text                                    0x080000d4   Section       28  startup_stm32f072xb.o(.text)
    .text                                    0x080000f0   Section        0  strcpy.o(.text)
    .text                                    0x08000104   Section       36  init.o(.text)
    i.Configure_RTC                          0x08000128   Section        0  main.o(i.Configure_RTC)
    i.EXTI0_1_IRQHandler                     0x080001c8   Section        0  main.o(i.EXTI0_1_IRQHandler)
    i.HardFault_Handler                      0x080001ec   Section        0  main.o(i.HardFault_Handler)
    i.Init_RTC                               0x080001f0   Section        0  main.o(i.Init_RTC)
    i.NMI_Handler                            0x0800022c   Section        0  main.o(i.NMI_Handler)
    i.NVIC_SetPriority                       0x08000230   Section        0  main.o(i.NVIC_SetPriority)
    NVIC_SetPriority                         0x08000231   Thumb Code    60  main.o(i.NVIC_SetPriority)
    i.PendSV_Handler                         0x08000274   Section        0  main.o(i.PendSV_Handler)
    i.Process                                0x08000278   Section        0  main.o(i.Process)
    i.RTC_IRQHandler                         0x08000504   Section        0  main.o(i.RTC_IRQHandler)
    i.SVC_Handler                            0x08000550   Section        0  main.o(i.SVC_Handler)
    i.SetSysClock                            0x08000554   Section        0  system_stm32f0xx.o(i.SetSysClock)
    SetSysClock                              0x08000555   Thumb Code    80  system_stm32f0xx.o(i.SetSysClock)
    i.SysTick_Handler                        0x080005ac   Section        0  main.o(i.SysTick_Handler)
    i.SystemInit                             0x080005b0   Section        0  system_stm32f0xx.o(i.SystemInit)
    i.USART1_IRQHandler                      0x08000614   Section        0  main.o(i.USART1_IRQHandler)
    i.__ARM_common_switch8                   0x08000670   Section        0  main.o(i.__ARM_common_switch8)
    i.__scatterload_copy                     0x0800068a   Section       14  handlers.o(i.__scatterload_copy)
    i.__scatterload_null                     0x08000698   Section        2  handlers.o(i.__scatterload_null)
    i.__scatterload_zeroinit                 0x0800069a   Section       14  handlers.o(i.__scatterload_zeroinit)
    i.main                                   0x080006a8   Section        0  main.o(i.main)
    .data                                    0x20000000   Section       36  main.o(.data)
    NewTime                                  0x2000000c   Data           4  main.o(.data)
    STACK                                    0x20000028   Section     1024  startup_stm32f072xb.o(STACK)

    Global Symbols

    Symbol Name                              Value     Ov Type        Size  Object(Section)

    BuildAttributes$$THM_ISAv3M$S$PE$A:L22$X:L11$S22$IEEE1$IW$USESV6$~STKCKD$USESV7$~SHL$OSPACE$EBA8$MICROLIB$REQ8$PRES8$EABIv2 0x00000000   Number         0  anon$$obj.o ABSOLUTE
    __ARM_use_no_argv                        0x00000000   Number         0  main.o ABSOLUTE
    __cpp_initialize__aeabi_                  - Undefined Weak Reference
    __cxa_finalize                            - Undefined Weak Reference
    __decompress                              - Undefined Weak Reference
    _clock_init                               - Undefined Weak Reference
    _microlib_exit                            - Undefined Weak Reference
    __Vectors_Size                           0x000000c0   Number         0  startup_stm32f072xb.o ABSOLUTE
    __Vectors                                0x08000000   Data           4  startup_stm32f072xb.o(RESET)
    __Vectors_End                            0x080000c0   Data           0  startup_stm32f072xb.o(RESET)
    __main                                   0x080000c1   Thumb Code     0  entry.o(.ARM.Collect$$$$00000000)
    _main_stk                                0x080000c1   Thumb Code     0  entry2.o(.ARM.Collect$$$$00000001)
    _main_scatterload                        0x080000c5   Thumb Code     0  entry5.o(.ARM.Collect$$$$00000004)
    __main_after_scatterload                 0x080000c9   Thumb Code     0  entry5.o(.ARM.Collect$$$$00000004)
    _main_clock                              0x080000c9   Thumb Code     0  entry7b.o(.ARM.Collect$$$$00000008)
    _main_cpp_init                           0x080000c9   Thumb Code     0  entry8b.o(.ARM.Collect$$$$0000000A)
    _main_init                               0x080000c9   Thumb Code     0  entry9a.o(.ARM.Collect$$$$0000000B)
    __rt_final_cpp                           0x080000d1   Thumb Code     0  entry10a.o(.ARM.Collect$$$$0000000D)
    __rt_final_exit                          0x080000d1   Thumb Code     0  entry11a.o(.ARM.Collect$$$$0000000F)
    Reset_Handler                            0x080000d5   Thumb Code     8  startup_stm32f072xb.o(.text)
    ADC1_COMP_IRQHandler                     0x080000e7   Thumb Code     0  startup_stm32f072xb.o(.text)
    CEC_CAN_IRQHandler                       0x080000e7   Thumb Code     0  startup_stm32f072xb.o(.text)
    DMA1_Channel1_IRQHandler                 0x080000e7   Thumb Code     0  startup_stm32f072xb.o(.text)
    DMA1_Channel2_3_IRQHandler               0x080000e7   Thumb Code     0  startup_stm32f072xb.o(.text)
    DMA1_Channel4_5_6_7_IRQHandler           0x080000e7   Thumb Code     0  startup_stm32f072xb.o(.text)
    EXTI2_3_IRQHandler                       0x080000e7   Thumb Code     0  startup_stm32f072xb.o(.text)
    EXTI4_15_IRQHandler                      0x080000e7   Thumb Code     0  startup_stm32f072xb.o(.text)
    FLASH_IRQHandler                         0x080000e7   Thumb Code     0  startup_stm32f072xb.o(.text)
    I2C1_IRQHandler                          0x080000e7   Thumb Code     0  startup_stm32f072xb.o(.text)
    I2C2_IRQHandler                          0x080000e7   Thumb Code     0  startup_stm32f072xb.o(.text)
    PVD_VDDIO2_IRQHandler                    0x080000e7   Thumb Code     0  startup_stm32f072xb.o(.text)
    RCC_CRS_IRQHandler                       0x080000e7   Thumb Code     0  startup_stm32f072xb.o(.text)
    SPI1_IRQHandler                          0x080000e7   Thumb Code     0  startup_stm32f072xb.o(.text)
    SPI2_IRQHandler                          0x080000e7   Thumb Code     0  startup_stm32f072xb.o(.text)
    TIM14_IRQHandler                         0x080000e7   Thumb Code     0  startup_stm32f072xb.o(.text)
    TIM15_IRQHandler                         0x080000e7   Thumb Code     0  startup_stm32f072xb.o(.text)
    TIM16_IRQHandler                         0x080000e7   Thumb Code     0  startup_stm32f072xb.o(.text)
    TIM17_IRQHandler                         0x080000e7   Thumb Code     0  startup_stm32f072xb.o(.text)
    TIM1_BRK_UP_TRG_COM_IRQHandler           0x080000e7   Thumb Code     0  startup_stm32f072xb.o(.text)
    TIM1_CC_IRQHandler                       0x080000e7   Thumb Code     0  startup_stm32f072xb.o(.text)
    TIM2_IRQHandler                          0x080000e7   Thumb Code     0  startup_stm32f072xb.o(.text)
    TIM3_IRQHandler                          0x080000e7   Thumb Code     0  startup_stm32f072xb.o(.text)
    TIM6_DAC_IRQHandler                      0x080000e7   Thumb Code     0  startup_stm32f072xb.o(.text)
    TIM7_IRQHandler                          0x080000e7   Thumb Code     0  startup_stm32f072xb.o(.text)
    TSC_IRQHandler                           0x080000e7   Thumb Code     0  startup_stm32f072xb.o(.text)
    USART2_IRQHandler                        0x080000e7   Thumb Code     0  startup_stm32f072xb.o(.text)
    USART3_4_IRQHandler                      0x080000e7   Thumb Code     0  startup_stm32f072xb.o(.text)
    USB_IRQHandler                           0x080000e7   Thumb Code     0  startup_stm32f072xb.o(.text)
    WWDG_IRQHandler                          0x080000e7   Thumb Code     0  startup_stm32f072xb.o(.text)
    strcpy                                   0x080000f1   Thumb Code    18  strcpy.o(.text)
    __scatterload                            0x08000105   Thumb Code    28  init.o(.text)
    __scatterload_rt2                        0x08000105   Thumb Code     0  init.o(.text)
    Configure_RTC                            0x08000129   Thumb Code   138  main.o(i.Configure_RTC)
    EXTI0_1_IRQHandler                       0x080001c9   Thumb Code    22  main.o(i.EXTI0_1_IRQHandler)
    HardFault_Handler                        0x080001ed   Thumb Code     2  main.o(i.HardFault_Handler)
    Init_RTC                                 0x080001f1   Thumb Code    52  main.o(i.Init_RTC)
    NMI_Handler                              0x0800022d   Thumb Code     2  main.o(i.NMI_Handler)
    PendSV_Handler                           0x08000275   Thumb Code     2  main.o(i.PendSV_Handler)
    Process                                  0x08000279   Thumb Code   490  main.o(i.Process)
    RTC_IRQHandler                           0x08000505   Thumb Code    54  main.o(i.RTC_IRQHandler)
    SVC_Handler                              0x08000551   Thumb Code     2  main.o(i.SVC_Handler)
    SysTick_Handler                          0x080005ad   Thumb Code     2  main.o(i.SysTick_Handler)
    SystemInit                               0x080005b1   Thumb Code    82  system_stm32f0xx.o(i.SystemInit)
    USART1_IRQHandler                        0x08000615   Thumb Code    78  main.o(i.USART1_IRQHandler)
    __ARM_common_switch8                     0x08000671   Thumb Code    26  main.o(i.__ARM_common_switch8)
    __scatterload_copy                       0x0800068b   Thumb Code    14  handlers.o(i.__scatterload_copy)
    __scatterload_null                       0x08000699   Thumb Code     2  handlers.o(i.__scatterload_null)
    __scatterload_zeroinit                   0x0800069b   Thumb Code    14  handlers.o(i.__scatterload_zeroinit)
    main                                     0x080006a9   Thumb Code   196  main.o(i.main)
    Region$$Table$$Base                      0x08000788   Number         0  anon$$obj.o(Region$$Table)
    Region$$Table$$Limit                     0x080007a8   Number         0  anon$$obj.o(Region$$Table)
    send                                     0x20000000   Data           1  main.o(.data)
    RTC_InitializationMode                   0x20000001   Data           1  main.o(.data)
    CharToReceive                            0x20000002   Data           1  main.o(.data)
    CharReceived                             0x20000003   Data           1  main.o(.data)
    Alarm                                    0x20000004   Data           1  main.o(.data)
    DateToCompute                            0x20000008   Data           4  main.o(.data)
    stringtosend                             0x20000010   Data          20  main.o(.data)
    __initial_sp                             0x20000428   Data           0  startup_stm32f072xb.o(STACK)



==============================================================================

Memory Map of the image

  Image Entry point : 0x080000c1

  Load Region LR_IROM1 (Base: 0x08000000, Size: 0x000007cc, Max: 0x00020000, ABSOLUTE)

    Execution Region ER_IROM1 (Base: 0x08000000, Size: 0x000007a8, Max: 0x00020000, ABSOLUTE)

    Base Addr    Size         Type   Attr      Idx    E Section Name        Object

    0x08000000   0x000000c0   Data   RO            3    RESET               startup_stm32f072xb.o
    0x080000c0   0x00000000   Code   RO          189  * .ARM.Collect$$$$00000000  mc_p.l(entry.o)
    0x080000c0   0x00000004   Code   RO          196    .ARM.Collect$$$$00000001  mc_p.l(entry2.o)
    0x080000c4   0x00000004   Code   RO          199    .ARM.Collect$$$$00000004  mc_p.l(entry5.o)
    0x080000c8   0x00000000   Code   RO          201    .ARM.Collect$$$$00000008  mc_p.l(entry7b.o)
    0x080000c8   0x00000000   Code   RO          203    .ARM.Collect$$$$0000000A  mc_p.l(entry8b.o)
    0x080000c8   0x00000008   Code   RO          204    .ARM.Collect$$$$0000000B  mc_p.l(entry9a.o)
    0x080000d0   0x00000000   Code   RO          206    .ARM.Collect$$$$0000000D  mc_p.l(entry10a.o)
    0x080000d0   0x00000000   Code   RO          208    .ARM.Collect$$$$0000000F  mc_p.l(entry11a.o)
    0x080000d0   0x00000004   Code   RO          197    .ARM.Collect$$$$00002712  mc_p.l(entry2.o)
    0x080000d4   0x0000001c   Code   RO            4    .text               startup_stm32f072xb.o
    0x080000f0   0x00000012   Code   RO          194    .text               mc_p.l(strcpy.o)
    0x08000102   0x00000002   PAD
    0x08000104   0x00000024   Code   RO          210    .text               mc_p.l(init.o)
    0x08000128   0x000000a0   Code   RO          151    i.Configure_RTC     main.o
    0x080001c8   0x00000024   Code   RO           68    i.EXTI0_1_IRQHandler  main.o
    0x080001ec   0x00000002   Code   RO           69    i.HardFault_Handler  main.o
    0x080001ee   0x00000002   PAD
    0x080001f0   0x0000003c   Code   RO          145    i.Init_RTC          main.o
    0x0800022c   0x00000002   Code   RO           70    i.NMI_Handler       main.o
    0x0800022e   0x00000002   PAD
    0x08000230   0x00000044   Code   RO           71    i.NVIC_SetPriority  main.o
    0x08000274   0x00000002   Code   RO           72    i.PendSV_Handler    main.o
    0x08000276   0x00000002   PAD
    0x08000278   0x0000028c   Code   RO           73    i.Process           main.o
    0x08000504   0x0000004c   Code   RO           74    i.RTC_IRQHandler    main.o
    0x08000550   0x00000002   Code   RO           75    i.SVC_Handler       main.o
    0x08000552   0x00000002   PAD
    0x08000554   0x00000058   Code   RO           12    i.SetSysClock       system_stm32f0xx.o
    0x080005ac   0x00000002   Code   RO           76    i.SysTick_Handler   main.o
    0x080005ae   0x00000002   PAD
    0x080005b0   0x00000064   Code   RO           14    i.SystemInit        system_stm32f0xx.o
    0x08000614   0x0000005c   Code   RO           77    i.USART1_IRQHandler  main.o
    0x08000670   0x0000001a   Code   RO          156    i.__ARM_common_switch8  main.o
    0x0800068a   0x0000000e   Code   RO          214    i.__scatterload_copy  mc_p.l(handlers.o)
    0x08000698   0x00000002   Code   RO          215    i.__scatterload_null  mc_p.l(handlers.o)
    0x0800069a   0x0000000e   Code   RO          216    i.__scatterload_zeroinit  mc_p.l(handlers.o)
    0x080006a8   0x000000e0   Code   RO           78    i.main              main.o
    0x08000788   0x00000020   Data   RO          212    Region$$Table       anon$$obj.o


    Execution Region RW_IRAM1 (Base: 0x20000000, Size: 0x00000428, Max: 0x00004000, ABSOLUTE)

    Base Addr    Size         Type   Attr      Idx    E Section Name        Object

    0x20000000   0x00000024   Data   RW           79    .data               main.o
    0x20000024   0x00000004   PAD
    0x20000028   0x00000400   Zero   RW            1    STACK               startup_stm32f072xb.o


==============================================================================

Image component sizes


      Code (inc. data)   RO Data    RW Data    ZI Data      Debug   Object Name

      1404        294          0         36          0      16516   main.o
        28          8        192          0       1024        832   startup_stm32f072xb.o
       188         26          0          0          0     170097   system_stm32f0xx.o

    ----------------------------------------------------------------------
      1630        328        224         36       1028     187445   Object Totals
         0          0         32          0          0          0   (incl. Generated)
        10          0          0          0          4          0   (incl. Padding)

    ----------------------------------------------------------------------

      Code (inc. data)   RO Data    RW Data    ZI Data      Debug   Library Member Name

         0          0          0          0          0          0   entry.o
         0          0          0          0          0          0   entry10a.o
         0          0          0          0          0          0   entry11a.o
         8          4          0          0          0          0   entry2.o
         4          0          0          0          0          0   entry5.o
         0          0          0          0          0          0   entry7b.o
         0          0          0          0          0          0   entry8b.o
         8          4          0          0          0          0   entry9a.o
        30          0          0          0          0          0   handlers.o
        36          8          0          0          0         68   init.o
        18          0          0          0          0         60   strcpy.o

    ----------------------------------------------------------------------
       106         16          0          0          0        128   Library Totals
         2          0          0          0          0          0   (incl. Padding)

    ----------------------------------------------------------------------

      Code (inc. data)   RO Data    RW Data    ZI Data      Debug   Library Name

       104         16          0          0          0        128   mc_p.l

    ----------------------------------------------------------------------
       106         16          0          0          0        128   Library Totals

    ----------------------------------------------------------------------

==============================================================================


      Code (inc. data)   RO Data    RW Data    ZI Data      Debug   

      1736        344        224         36       1028     187153   Grand Totals
      1736        344        224         36       1028     187153   ELF Image Totals
      1736        344        224         36          0          0   ROM Totals

==============================================================================

    Total RO  Size (Code + RO Data)                 1960 (   1.91kB)
    Total RW  Size (RW Data + ZI Data)              1064 (   1.04kB)
    Total ROM Size (Code + RO Data + RW Data)       1996 (   1.95kB)

==============================================================================

